com\mycompany\car_rental_system\car$2.class
com\mycompany\car_rental_system\CustomerProfile.class
com\mycompany\car_rental_system\signup$1.class
com\mycompany\car_rental_system\car.class
com\mycompany\car_rental_system\Cust_Booking$1.class
com\mycompany\car_rental_system\Customer_dashboard$2.class
com\mycompany\car_rental_system\colorResults$3.class
com\mycompany\car_rental_system\CustomerProfile$1.class
com\mycompany\car_rental_system\brandlist$1.class
com\mycompany\car_rental_system\login$4.class
com\mycompany\car_rental_system\customerlist$3.class
com\mycompany\car_rental_system\Admin_dashboard$3.class
com\mycompany\car_rental_system\signup$4.class
com\mycompany\car_rental_system\Customer_dashboard$5.class
com\mycompany\car_rental_system\login.class
com\mycompany\car_rental_system\viewBookingOfCust$1.class
com\mycompany\car_rental_system\Cust_Booking$7.class
com\mycompany\car_rental_system\costResults$3.class
com\mycompany\car_rental_system\brandResults$1.class
com\mycompany\car_rental_system\brandlist.class
com\mycompany\car_rental_system\purposeResults.class
com\mycompany\car_rental_system\login$2.class
com\mycompany\car_rental_system\Admin_dashboard$12.class
com\mycompany\car_rental_system\Booking$2.class
com\mycompany\car_rental_system\Brand$2.class
com\mycompany\car_rental_system\Cust_Booking$4.class
com\mycompany\car_rental_system\customerlist.class
com\mycompany\car_rental_system\aboutus.class
com\mycompany\car_rental_system\carlist$2.class
com\mycompany\car_rental_system\signup$6.class
com\mycompany\car_rental_system\Cust_Booking$6.class
com\mycompany\car_rental_system\Car_rental_system.class
com\mycompany\car_rental_system\customerlist$2.class
com\mycompany\car_rental_system\Admin_dashboard$9.class
com\mycompany\car_rental_system\Customer_dashboard$3.class
com\mycompany\car_rental_system\carImage.class
com\mycompany\car_rental_system\purposeResults$2.class
com\mycompany\car_rental_system\signup.class
com\mycompany\car_rental_system\carlist.class
com\mycompany\car_rental_system\Admin_dashboard$8.class
com\mycompany\car_rental_system\adminProfile$2.class
com\mycompany\car_rental_system\Admin_dashboard.class
com\mycompany\car_rental_system\brandResults.class
com\mycompany\car_rental_system\aboutus$1.class
com\mycompany\car_rental_system\customerlist$1.class
com\mycompany\car_rental_system\carImage$1.class
com\mycompany\car_rental_system\adminProfile$3.class
com\mycompany\car_rental_system\signup$7.class
com\mycompany\car_rental_system\carlist$3.class
com\mycompany\car_rental_system\purposeResults$1.class
com\mycompany\car_rental_system\viewBookingOfCust.class
com\mycompany\car_rental_system\Brand$4.class
com\mycompany\car_rental_system\Cust_Booking$5.class
com\mycompany\car_rental_system\brandlist$2.class
com\mycompany\car_rental_system\Customer_dashboard.class
com\mycompany\car_rental_system\LoginAndSignup.class
com\mycompany\car_rental_system\Admin_dashboard$2.class
com\mycompany\car_rental_system\Customer_dashboard$4.class
com\mycompany\car_rental_system\CustomerProfile$3.class
com\mycompany\car_rental_system\brandResults$2.class
com\mycompany\car_rental_system\costResults$4.class
com\mycompany\car_rental_system\adminProfile.class
com\mycompany\car_rental_system\login$3.class
com\mycompany\car_rental_system\Cust_Booking.class
com\mycompany\car_rental_system\Brand$3.class
com\mycompany\car_rental_system\CustomerProfile$2.class
com\mycompany\car_rental_system\purposeResults$3.class
com\mycompany\car_rental_system\Booking$1.class
com\mycompany\car_rental_system\Admin_dashboard$1.class
com\mycompany\car_rental_system\carlist$1.class
com\mycompany\car_rental_system\Customer_dashboard$6.class
com\mycompany\car_rental_system\car$1.class
com\mycompany\car_rental_system\signup$2.class
com\mycompany\car_rental_system\Admin_dashboard$4.class
com\mycompany\car_rental_system\signup$5.class
com\mycompany\car_rental_system\signup$8.class
com\mycompany\car_rental_system\costResults.class
com\mycompany\car_rental_system\adminProfile$1.class
com\mycompany\car_rental_system\Admin_dashboard$7.class
com\mycompany\car_rental_system\login$5.class
com\mycompany\car_rental_system\aboutus$2.class
com\mycompany\car_rental_system\Admin_dashboard$5.class
com\mycompany\car_rental_system\costResults$2.class
com\mycompany\car_rental_system\Brand$1.class
com\mycompany\car_rental_system\colorResults.class
com\mycompany\car_rental_system\Admin_dashboard$11.class
com\mycompany\car_rental_system\brandResults$4.class
com\mycompany\car_rental_system\login$1.class
com\mycompany\car_rental_system\Cust_Booking$3.class
com\mycompany\car_rental_system\colorResults$1.class
com\mycompany\car_rental_system\signup$9.class
com\mycompany\car_rental_system\viewBookingOfCust$2.class
com\mycompany\car_rental_system\Admin_dashboard$10.class
com\mycompany\car_rental_system\Admin_dashboard$6.class
com\mycompany\car_rental_system\Cust_Booking$2.class
com\mycompany\car_rental_system\Booking.class
com\mycompany\car_rental_system\costResults$1.class
com\mycompany\car_rental_system\signup$3.class
com\mycompany\car_rental_system\colorResults$2.class
com\mycompany\car_rental_system\brandResults$3.class
com\mycompany\car_rental_system\car$3.class
com\mycompany\car_rental_system\Customer_dashboard$1.class
com\mycompany\car_rental_system\Brand.class
com\mycompany\car_rental_system\purposeResults$4.class
