C:\Users\hp\Documents\NetBeansProjects\car_rental_system\src\main\java\com\mycompany\car_rental_system\aboutus.java
C:\Users\hp\Documents\NetBeansProjects\car_rental_system\src\main\java\com\mycompany\car_rental_system\Admin_dashboard.java
C:\Users\hp\Documents\NetBeansProjects\car_rental_system\src\main\java\com\mycompany\car_rental_system\adminProfile.java
C:\Users\hp\Documents\NetBeansProjects\car_rental_system\src\main\java\com\mycompany\car_rental_system\Booking.java
C:\Users\hp\Documents\NetBeansProjects\car_rental_system\src\main\java\com\mycompany\car_rental_system\Brand.java
C:\Users\hp\Documents\NetBeansProjects\car_rental_system\src\main\java\com\mycompany\car_rental_system\brandlist.java
C:\Users\hp\Documents\NetBeansProjects\car_rental_system\src\main\java\com\mycompany\car_rental_system\brandResults.java
C:\Users\hp\Documents\NetBeansProjects\car_rental_system\src\main\java\com\mycompany\car_rental_system\car.java
C:\Users\hp\Documents\NetBeansProjects\car_rental_system\src\main\java\com\mycompany\car_rental_system\Car_rental_system.java
C:\Users\hp\Documents\NetBeansProjects\car_rental_system\src\main\java\com\mycompany\car_rental_system\carImage.java
C:\Users\hp\Documents\NetBeansProjects\car_rental_system\src\main\java\com\mycompany\car_rental_system\carlist.java
C:\Users\hp\Documents\NetBeansProjects\car_rental_system\src\main\java\com\mycompany\car_rental_system\colorResults.java
C:\Users\hp\Documents\NetBeansProjects\car_rental_system\src\main\java\com\mycompany\car_rental_system\costResults.java
C:\Users\hp\Documents\NetBeansProjects\car_rental_system\src\main\java\com\mycompany\car_rental_system\Cust_Booking.java
C:\Users\hp\Documents\NetBeansProjects\car_rental_system\src\main\java\com\mycompany\car_rental_system\Customer_dashboard.java
C:\Users\hp\Documents\NetBeansProjects\car_rental_system\src\main\java\com\mycompany\car_rental_system\customerlist.java
C:\Users\hp\Documents\NetBeansProjects\car_rental_system\src\main\java\com\mycompany\car_rental_system\CustomerProfile.java
C:\Users\hp\Documents\NetBeansProjects\car_rental_system\src\main\java\com\mycompany\car_rental_system\login.java
C:\Users\hp\Documents\NetBeansProjects\car_rental_system\src\main\java\com\mycompany\car_rental_system\LoginAndSignup.java
C:\Users\hp\Documents\NetBeansProjects\car_rental_system\src\main\java\com\mycompany\car_rental_system\purposeResults.java
C:\Users\hp\Documents\NetBeansProjects\car_rental_system\src\main\java\com\mycompany\car_rental_system\signup.java
C:\Users\hp\Documents\NetBeansProjects\car_rental_system\src\main\java\com\mycompany\car_rental_system\viewBookingOfCust.java
